=== VTBR ===
Downloading VTBR 1H 2020-01-01 -> 2026-06-16  (stock/shares/TQBR)
  Fetching VTBR 1H (stock/shares/TQBR) from=2020-01-01 to=2026-06-16 start=0... 500 candles
  Fetching VTBR 1H (stock/shares/TQBR) from=2020-01-01 to=2026-06-16 start=500... 500 candles
  Fetching VTBR 1H (stock/shares/TQBR) from=2020-01-01 to=2026-06-16 start=1000... 500 candles
  Fetching VTBR 1H (stock/shares/TQBR) from=2020-01-01 to=2026-06-16 start=1500... 500 candles
  Fetching VTBR 1H (stock/shares/TQBR) from=2020-01-01 to=2026-06-16 start=2000... 500 candles
  Fetching VTBR 1H (stock/shares/TQBR) from=2020-01-01 to=2026-06-16 start=2500... 500 candles
  Fetching VTBR 1H (stock/shares/TQBR) from=2020-01-01 to=2026-06-16 start=3000... 500 candles
  Fetching VTBR 1H (stock/shares/TQBR) from=2020-01-01 to=2026-06-16 start=3500... 500 candles
  Fetching VTBR 1H (stock/shares/TQBR) from=2020-01-01 to=2026-06-16 start=4000... 500 candles
  Fetching VTBR 1H (stock/shares/TQBR) from=2020-01-01 to=2026-06-16 start=4500... 500 candles
  Fetching VTBR 1H (stock/shares/TQBR) from=2020-01-01 to=2026-06-16 start=5000... 500 candles
  Fetching VTBR 1H (stock/shares/TQBR) from=2020-01-01 to=2026-06-16 start=5500... 500 candles
  Fetching VTBR 1H (stock/shares/TQBR) from=2020-01-01 to=2026-06-16 start=6000... 500 candles
  Fetching VTBR 1H (stock/shares/TQBR) from=2020-01-01 to=2026-06-16 start=6500... 500 candles
  Fetching VTBR 1H (stock/shares/TQBR) from=2020-01-01 to=2026-06-16 start=7000... 500 candles
  Fetching VTBR 1H (stock/shares/TQBR) from=2020-01-01 to=2026-06-16 start=7500... 500 candles
  Fetching VTBR 1H (stock/shares/TQBR) from=2020-01-01 to=2026-06-16 start=8000... 500 candles
  Fetching VTBR 1H (stock/shares/TQBR) from=2020-01-01 to=2026-06-16 start=8500... 500 candles
  Fetching VTBR 1H (stock/shares/TQBR) from=2020-01-01 to=2026-06-16 start=9000... 500 candles
  Fetching VTBR 1H (stock/shares/TQBR) from=2020-01-01 to=2026-06-16 start=9500... 500 candles
  Fetching VTBR 1H (stock/shares/TQBR) from=2020-01-01 to=2026-06-16 start=10000... 500 candles
  Fetching VTBR 1H (stock/shares/TQBR) from=2020-01-01 to=2026-06-16 start=10500... 500 candles
  Fetching VTBR 1H (stock/shares/TQBR) from=2020-01-01 to=2026-06-16 start=11000... 500 candles
  Fetching VTBR 1H (stock/shares/TQBR) from=2020-01-01 to=2026-06-16 start=11500... 500 candles
  Fetching VTBR 1H (stock/shares/TQBR) from=2020-01-01 to=2026-06-16 start=12000... 500 candles
  Fetching VTBR 1H (stock/shares/TQBR) from=2020-01-01 to=2026-06-16 start=12500... 500 candles
  Fetching VTBR 1H (stock/shares/TQBR) from=2020-01-01 to=2026-06-16 start=13000... 500 candles
  Fetching VTBR 1H (stock/shares/TQBR) from=2020-01-01 to=2026-06-16 start=13500... 500 candles
  Fetching VTBR 1H (stock/shares/TQBR) from=2020-01-01 to=2026-06-16 start=14000... 500 candles
  Fetching VTBR 1H (stock/shares/TQBR) from=2020-01-01 to=2026-06-16 start=14500... 500 candles
  Fetching VTBR 1H (stock/shares/TQBR) from=2020-01-01 to=2026-06-16 start=15000... 500 candles
  Fetching VTBR 1H (stock/shares/TQBR) from=2020-01-01 to=2026-06-16 start=15500... 500 candles
  Fetching VTBR 1H (stock/shares/TQBR) from=2020-01-01 to=2026-06-16 start=16000... 500 candles
  Fetching VTBR 1H (stock/shares/TQBR) from=2020-01-01 to=2026-06-16 start=16500... 500 candles
  Fetching VTBR 1H (stock/shares/TQBR) from=2020-01-01 to=2026-06-16 start=17000... 500 candles
  Fetching VTBR 1H (stock/shares/TQBR) from=2020-01-01 to=2026-06-16 start=17500... 500 candles
  Fetching VTBR 1H (stock/shares/TQBR) from=2020-01-01 to=2026-06-16 start=18000... 500 candles
  Fetching VTBR 1H (stock/shares/TQBR) from=2020-01-01 to=2026-06-16 start=18500... 500 candles
  Fetching VTBR 1H (stock/shares/TQBR) from=2020-01-01 to=2026-06-16 start=19000... 500 candles
  Fetching VTBR 1H (stock/shares/TQBR) from=2020-01-01 to=2026-06-16 start=19500... 500 candles
  Fetching VTBR 1H (stock/shares/TQBR) from=2020-01-01 to=2026-06-16 start=20000... 500 candles
  Fetching VTBR 1H (stock/shares/TQBR) from=2020-01-01 to=2026-06-16 start=20500... 500 candles
  Fetching VTBR 1H (stock/shares/TQBR) from=2020-01-01 to=2026-06-16 start=21000... 500 candles
  Fetching VTBR 1H (stock/shares/TQBR) from=2020-01-01 to=2026-06-16 start=21500... 500 candles
  Fetching VTBR 1H (stock/shares/TQBR) from=2020-01-01 to=2026-06-16 start=22000... 500 candles
  Fetching VTBR 1H (stock/shares/TQBR) from=2020-01-01 to=2026-06-16 start=22500... 500 candles
  Fetching VTBR 1H (stock/shares/TQBR) from=2020-01-01 to=2026-06-16 start=23000... 500 candles
  Fetching VTBR 1H (stock/shares/TQBR) from=2020-01-01 to=2026-06-16 start=23500... 500 candles
  Fetching VTBR 1H (stock/shares/TQBR) from=2020-01-01 to=2026-06-16 start=24000... 500 candles
  Fetching VTBR 1H (stock/shares/TQBR) from=2020-01-01 to=2026-06-16 start=24500... 500 candles
  Fetching VTBR 1H (stock/shares/TQBR) from=2020-01-01 to=2026-06-16 start=25000... 223 candles
Downloaded 25223 candles: 2020-01-03 09:00:00+00:00 .. 2026-06-16 20:00:00+00:00
Saved: C:\Users\dshalimov\Projects\moex-candle-predictor\data\raw\VTBR_1H_20200103T0900_20260616T2000.parquet
=== MAGN ===
Downloading MAGN 1H 2020-01-01 -> 2026-06-16  (stock/shares/TQBR)
  Fetching MAGN 1H (stock/shares/TQBR) from=2020-01-01 to=2026-06-16 start=0... 500 candles
  Fetching MAGN 1H (stock/shares/TQBR) from=2020-01-01 to=2026-06-16 start=500... 500 candles
  Fetching MAGN 1H (stock/shares/TQBR) from=2020-01-01 to=2026-06-16 start=1000... 500 candles
  Fetching MAGN 1H (stock/shares/TQBR) from=2020-01-01 to=2026-06-16 start=1500... 500 candles
  Fetching MAGN 1H (stock/shares/TQBR) from=2020-01-01 to=2026-06-16 start=2000... 500 candles
  Fetching MAGN 1H (stock/shares/TQBR) from=2020-01-01 to=2026-06-16 start=2500... 500 candles
  Fetching MAGN 1H (stock/shares/TQBR) from=2020-01-01 to=2026-06-16 start=3000... 500 candles
  Fetching MAGN 1H (stock/shares/TQBR) from=2020-01-01 to=2026-06-16 start=3500... 500 candles
  Fetching MAGN 1H (stock/shares/TQBR) from=2020-01-01 to=2026-06-16 start=4000... 500 candles
  Fetching MAGN 1H (stock/shares/TQBR) from=2020-01-01 to=2026-06-16 start=4500... 500 candles
  Fetching MAGN 1H (stock/shares/TQBR) from=2020-01-01 to=2026-06-16 start=5000... 500 candles
  Fetching MAGN 1H (stock/shares/TQBR) from=2020-01-01 to=2026-06-16 start=5500... 500 candles
  Fetching MAGN 1H (stock/shares/TQBR) from=2020-01-01 to=2026-06-16 start=6000... 500 candles
  Fetching MAGN 1H (stock/shares/TQBR) from=2020-01-01 to=2026-06-16 start=6500... 500 candles
  Fetching MAGN 1H (stock/shares/TQBR) from=2020-01-01 to=2026-06-16 start=7000... 500 candles
  Fetching MAGN 1H (stock/shares/TQBR) from=2020-01-01 to=2026-06-16 start=7500... 500 candles
  Fetching MAGN 1H (stock/shares/TQBR) from=2020-01-01 to=2026-06-16 start=8000... 500 candles
  Fetching MAGN 1H (stock/shares/TQBR) from=2020-01-01 to=2026-06-16 start=8500... 500 candles
  Fetching MAGN 1H (stock/shares/TQBR) from=2020-01-01 to=2026-06-16 start=9000... 500 candles
  Fetching MAGN 1H (stock/shares/TQBR) from=2020-01-01 to=2026-06-16 start=9500... 500 candles
  Fetching MAGN 1H (stock/shares/TQBR) from=2020-01-01 to=2026-06-16 start=10000... 500 candles
  Fetching MAGN 1H (stock/shares/TQBR) from=2020-01-01 to=2026-06-16 start=10500... 500 candles
  Fetching MAGN 1H (stock/shares/TQBR) from=2020-01-01 to=2026-06-16 start=11000... 500 candles
  Fetching MAGN 1H (stock/shares/TQBR) from=2020-01-01 to=2026-06-16 start=11500... 500 candles
  Fetching MAGN 1H (stock/shares/TQBR) from=2020-01-01 to=2026-06-16 start=12000... 500 candles
  Fetching MAGN 1H (stock/shares/TQBR) from=2020-01-01 to=2026-06-16 start=12500... 500 candles
  Fetching MAGN 1H (stock/shares/TQBR) from=2020-01-01 to=2026-06-16 start=13000... 500 candles
  Fetching MAGN 1H (stock/shares/TQBR) from=2020-01-01 to=2026-06-16 start=13500... 500 candles
  Fetching MAGN 1H (stock/shares/TQBR) from=2020-01-01 to=2026-06-16 start=14000... 500 candles
  Fetching MAGN 1H (stock/shares/TQBR) from=2020-01-01 to=2026-06-16 start=14500... 500 candles
  Fetching MAGN 1H (stock/shares/TQBR) from=2020-01-01 to=2026-06-16 start=15000... 500 candles
  Fetching MAGN 1H (stock/shares/TQBR) from=2020-01-01 to=2026-06-16 start=15500... 500 candles
  Fetching MAGN 1H (stock/shares/TQBR) from=2020-01-01 to=2026-06-16 start=16000... 500 candles
  Fetching MAGN 1H (stock/shares/TQBR) from=2020-01-01 to=2026-06-16 start=16500... 500 candles
  Fetching MAGN 1H (stock/shares/TQBR) from=2020-01-01 to=2026-06-16 start=17000... 500 candles
  Fetching MAGN 1H (stock/shares/TQBR) from=2020-01-01 to=2026-06-16 start=17500... 500 candles
  Fetching MAGN 1H (stock/shares/TQBR) from=2020-01-01 to=2026-06-16 start=18000... 500 candles
  Fetching MAGN 1H (stock/shares/TQBR) from=2020-01-01 to=2026-06-16 start=18500... 500 candles
  Fetching MAGN 1H (stock/shares/TQBR) from=2020-01-01 to=2026-06-16 start=19000... 500 candles
  Fetching MAGN 1H (stock/shares/TQBR) from=2020-01-01 to=2026-06-16 start=19500... 500 candles
  Fetching MAGN 1H (stock/shares/TQBR) from=2020-01-01 to=2026-06-16 start=20000... 500 candles
  Fetching MAGN 1H (stock/shares/TQBR) from=2020-01-01 to=2026-06-16 start=20500... 500 candles
  Fetching MAGN 1H (stock/shares/TQBR) from=2020-01-01 to=2026-06-16 start=21000... 500 candles
  Fetching MAGN 1H (stock/shares/TQBR) from=2020-01-01 to=2026-06-16 start=21500... 500 candles
  Fetching MAGN 1H (stock/shares/TQBR) from=2020-01-01 to=2026-06-16 start=22000... 500 candles
  Fetching MAGN 1H (stock/shares/TQBR) from=2020-01-01 to=2026-06-16 start=22500... 500 candles
  Fetching MAGN 1H (stock/shares/TQBR) from=2020-01-01 to=2026-06-16 start=23000... 500 candles
  Fetching MAGN 1H (stock/shares/TQBR) from=2020-01-01 to=2026-06-16 start=23500... 500 candles
  Fetching MAGN 1H (stock/shares/TQBR) from=2020-01-01 to=2026-06-16 start=24000... 500 candles
  Fetching MAGN 1H (stock/shares/TQBR) from=2020-01-01 to=2026-06-16 start=24500... 500 candles
  Fetching MAGN 1H (stock/shares/TQBR) from=2020-01-01 to=2026-06-16 start=25000... 145 candles
Downloaded 25145 candles: 2020-01-03 09:00:00+00:00 .. 2026-06-16 20:00:00+00:00
Saved: C:\Users\dshalimov\Projects\moex-candle-predictor\data\raw\MAGN_1H_20200103T0900_20260616T2000.parquet
=== NLMK ===
Downloading NLMK 1H 2020-01-01 -> 2026-06-16  (stock/shares/TQBR)
  Fetching NLMK 1H (stock/shares/TQBR) from=2020-01-01 to=2026-06-16 start=0... 500 candles
  Fetching NLMK 1H (stock/shares/TQBR) from=2020-01-01 to=2026-06-16 start=500... 500 candles
  Fetching NLMK 1H (stock/shares/TQBR) from=2020-01-01 to=2026-06-16 start=1000... 500 candles
  Fetching NLMK 1H (stock/shares/TQBR) from=2020-01-01 to=2026-06-16 start=1500... 500 candles
  Fetching NLMK 1H (stock/shares/TQBR) from=2020-01-01 to=2026-06-16 start=2000... 500 candles
  Fetching NLMK 1H (stock/shares/TQBR) from=2020-01-01 to=2026-06-16 start=2500... 500 candles
  Fetching NLMK 1H (stock/shares/TQBR) from=2020-01-01 to=2026-06-16 start=3000... 500 candles
  Fetching NLMK 1H (stock/shares/TQBR) from=2020-01-01 to=2026-06-16 start=3500... 500 candles
  Fetching NLMK 1H (stock/shares/TQBR) from=2020-01-01 to=2026-06-16 start=4000... 500 candles
  Fetching NLMK 1H (stock/shares/TQBR) from=2020-01-01 to=2026-06-16 start=4500... 500 candles
  Fetching NLMK 1H (stock/shares/TQBR) from=2020-01-01 to=2026-06-16 start=5000... 500 candles
  Fetching NLMK 1H (stock/shares/TQBR) from=2020-01-01 to=2026-06-16 start=5500... 500 candles
  Fetching NLMK 1H (stock/shares/TQBR) from=2020-01-01 to=2026-06-16 start=6000... 500 candles
  Fetching NLMK 1H (stock/shares/TQBR) from=2020-01-01 to=2026-06-16 start=6500... 500 candles
  Fetching NLMK 1H (stock/shares/TQBR) from=2020-01-01 to=2026-06-16 start=7000... 500 candles
  Fetching NLMK 1H (stock/shares/TQBR) from=2020-01-01 to=2026-06-16 start=7500... 500 candles
  Fetching NLMK 1H (stock/shares/TQBR) from=2020-01-01 to=2026-06-16 start=8000... 500 candles
  Fetching NLMK 1H (stock/shares/TQBR) from=2020-01-01 to=2026-06-16 start=8500... 500 candles
  Fetching NLMK 1H (stock/shares/TQBR) from=2020-01-01 to=2026-06-16 start=9000... 500 candles
  Fetching NLMK 1H (stock/shares/TQBR) from=2020-01-01 to=2026-06-16 start=9500... 500 candles
  Fetching NLMK 1H (stock/shares/TQBR) from=2020-01-01 to=2026-06-16 start=10000... 500 candles
  Fetching NLMK 1H (stock/shares/TQBR) from=2020-01-01 to=2026-06-16 start=10500... 500 candles
  Fetching NLMK 1H (stock/shares/TQBR) from=2020-01-01 to=2026-06-16 start=11000... 500 candles
  Fetching NLMK 1H (stock/shares/TQBR) from=2020-01-01 to=2026-06-16 start=11500... 500 candles
  Fetching NLMK 1H (stock/shares/TQBR) from=2020-01-01 to=2026-06-16 start=12000... 500 candles
  Fetching NLMK 1H (stock/shares/TQBR) from=2020-01-01 to=2026-06-16 start=12500... 500 candles
  Fetching NLMK 1H (stock/shares/TQBR) from=2020-01-01 to=2026-06-16 start=13000... 500 candles
  Fetching NLMK 1H (stock/shares/TQBR) from=2020-01-01 to=2026-06-16 start=13500... 500 candles
  Fetching NLMK 1H (stock/shares/TQBR) from=2020-01-01 to=2026-06-16 start=14000... 500 candles
  Fetching NLMK 1H (stock/shares/TQBR) from=2020-01-01 to=2026-06-16 start=14500... 500 candles
  Fetching NLMK 1H (stock/shares/TQBR) from=2020-01-01 to=2026-06-16 start=15000... 500 candles
  Fetching NLMK 1H (stock/shares/TQBR) from=2020-01-01 to=2026-06-16 start=15500... 500 candles
  Fetching NLMK 1H (stock/shares/TQBR) from=2020-01-01 to=2026-06-16 start=16000... 500 candles
  Fetching NLMK 1H (stock/shares/TQBR) from=2020-01-01 to=2026-06-16 start=16500... 500 candles
  Fetching NLMK 1H (stock/shares/TQBR) from=2020-01-01 to=2026-06-16 start=17000... 500 candles
  Fetching NLMK 1H (stock/shares/TQBR) from=2020-01-01 to=2026-06-16 start=17500... 500 candles
  Fetching NLMK 1H (stock/shares/TQBR) from=2020-01-01 to=2026-06-16 start=18000... 500 candles
  Fetching NLMK 1H (stock/shares/TQBR) from=2020-01-01 to=2026-06-16 start=18500... 500 candles
  Fetching NLMK 1H (stock/shares/TQBR) from=2020-01-01 to=2026-06-16 start=19000... 500 candles
  Fetching NLMK 1H (stock/shares/TQBR) from=2020-01-01 to=2026-06-16 start=19500... 500 candles
  Fetching NLMK 1H (stock/shares/TQBR) from=2020-01-01 to=2026-06-16 start=20000... 500 candles
  Fetching NLMK 1H (stock/shares/TQBR) from=2020-01-01 to=2026-06-16 start=20500... 500 candles
  Fetching NLMK 1H (stock/shares/TQBR) from=2020-01-01 to=2026-06-16 start=21000... 500 candles
  Fetching NLMK 1H (stock/shares/TQBR) from=2020-01-01 to=2026-06-16 start=21500... 500 candles
  Fetching NLMK 1H (stock/shares/TQBR) from=2020-01-01 to=2026-06-16 start=22000... 500 candles
  Fetching NLMK 1H (stock/shares/TQBR) from=2020-01-01 to=2026-06-16 start=22500... 500 candles
  Fetching NLMK 1H (stock/shares/TQBR) from=2020-01-01 to=2026-06-16 start=23000... 500 candles
  Fetching NLMK 1H (stock/shares/TQBR) from=2020-01-01 to=2026-06-16 start=23500... 500 candles
  Fetching NLMK 1H (stock/shares/TQBR) from=2020-01-01 to=2026-06-16 start=24000... 500 candles
  Fetching NLMK 1H (stock/shares/TQBR) from=2020-01-01 to=2026-06-16 start=24500... 500 candles
  Fetching NLMK 1H (stock/shares/TQBR) from=2020-01-01 to=2026-06-16 start=25000... 281 candles
Downloaded 25281 candles: 2020-01-03 09:00:00+00:00 .. 2026-06-16 20:00:00+00:00
Saved: C:\Users\dshalimov\Projects\moex-candle-predictor\data\raw\NLMK_1H_20200103T0900_20260616T2000.parquet
=== PLZL ===
Downloading PLZL 1H 2020-01-01 -> 2026-06-16  (stock/shares/TQBR)
  Fetching PLZL 1H (stock/shares/TQBR) from=2020-01-01 to=2026-06-16 start=0... 500 candles
  Fetching PLZL 1H (stock/shares/TQBR) from=2020-01-01 to=2026-06-16 start=500... 500 candles
  Fetching PLZL 1H (stock/shares/TQBR) from=2020-01-01 to=2026-06-16 start=1000... 500 candles
  Fetching PLZL 1H (stock/shares/TQBR) from=2020-01-01 to=2026-06-16 start=1500... 500 candles
  Fetching PLZL 1H (stock/shares/TQBR) from=2020-01-01 to=2026-06-16 start=2000... 500 candles
  Fetching PLZL 1H (stock/shares/TQBR) from=2020-01-01 to=2026-06-16 start=2500... 500 candles
  Fetching PLZL 1H (stock/shares/TQBR) from=2020-01-01 to=2026-06-16 start=3000... 500 candles
  Fetching PLZL 1H (stock/shares/TQBR) from=2020-01-01 to=2026-06-16 start=3500... 500 candles
  Fetching PLZL 1H (stock/shares/TQBR) from=2020-01-01 to=2026-06-16 start=4000... 500 candles
  Fetching PLZL 1H (stock/shares/TQBR) from=2020-01-01 to=2026-06-16 start=4500... 500 candles
  Fetching PLZL 1H (stock/shares/TQBR) from=2020-01-01 to=2026-06-16 start=5000... 500 candles
  Fetching PLZL 1H (stock/shares/TQBR) from=2020-01-01 to=2026-06-16 start=5500... 500 candles
  Fetching PLZL 1H (stock/shares/TQBR) from=2020-01-01 to=2026-06-16 start=6000... 500 candles
  Fetching PLZL 1H (stock/shares/TQBR) from=2020-01-01 to=2026-06-16 start=6500... 500 candles
  Fetching PLZL 1H (stock/shares/TQBR) from=2020-01-01 to=2026-06-16 start=7000... 500 candles
  Fetching PLZL 1H (stock/shares/TQBR) from=2020-01-01 to=2026-06-16 start=7500... 500 candles
  Fetching PLZL 1H (stock/shares/TQBR) from=2020-01-01 to=2026-06-16 start=8000... 500 candles
  Fetching PLZL 1H (stock/shares/TQBR) from=2020-01-01 to=2026-06-16 start=8500... 500 candles
  Fetching PLZL 1H (stock/shares/TQBR) from=2020-01-01 to=2026-06-16 start=9000... 500 candles
  Fetching PLZL 1H (stock/shares/TQBR) from=2020-01-01 to=2026-06-16 start=9500... 500 candles
  Fetching PLZL 1H (stock/shares/TQBR) from=2020-01-01 to=2026-06-16 start=10000... 500 candles
  Fetching PLZL 1H (stock/shares/TQBR) from=2020-01-01 to=2026-06-16 start=10500... 500 candles
  Fetching PLZL 1H (stock/shares/TQBR) from=2020-01-01 to=2026-06-16 start=11000... 500 candles
  Fetching PLZL 1H (stock/shares/TQBR) from=2020-01-01 to=2026-06-16 start=11500... 500 candles
  Fetching PLZL 1H (stock/shares/TQBR) from=2020-01-01 to=2026-06-16 start=12000... 500 candles
  Fetching PLZL 1H (stock/shares/TQBR) from=2020-01-01 to=2026-06-16 start=12500... 500 candles
  Fetching PLZL 1H (stock/shares/TQBR) from=2020-01-01 to=2026-06-16 start=13000... 500 candles
  Fetching PLZL 1H (stock/shares/TQBR) from=2020-01-01 to=2026-06-16 start=13500... 500 candles
  Fetching PLZL 1H (stock/shares/TQBR) from=2020-01-01 to=2026-06-16 start=14000... 500 candles
  Fetching PLZL 1H (stock/shares/TQBR) from=2020-01-01 to=2026-06-16 start=14500... 500 candles
  Fetching PLZL 1H (stock/shares/TQBR) from=2020-01-01 to=2026-06-16 start=15000... 500 candles
  Fetching PLZL 1H (stock/shares/TQBR) from=2020-01-01 to=2026-06-16 start=15500... 500 candles
  Fetching PLZL 1H (stock/shares/TQBR) from=2020-01-01 to=2026-06-16 start=16000... 500 candles
  Fetching PLZL 1H (stock/shares/TQBR) from=2020-01-01 to=2026-06-16 start=16500... 500 candles
  Fetching PLZL 1H (stock/shares/TQBR) from=2020-01-01 to=2026-06-16 start=17000... 500 candles
  Fetching PLZL 1H (stock/shares/TQBR) from=2020-01-01 to=2026-06-16 start=17500... 500 candles
  Fetching PLZL 1H (stock/shares/TQBR) from=2020-01-01 to=2026-06-16 start=18000... 500 candles
  Fetching PLZL 1H (stock/shares/TQBR) from=2020-01-01 to=2026-06-16 start=18500... 500 candles
  Fetching PLZL 1H (stock/shares/TQBR) from=2020-01-01 to=2026-06-16 start=19000... 500 candles
  Fetching PLZL 1H (stock/shares/TQBR) from=2020-01-01 to=2026-06-16 start=19500... 500 candles
  Fetching PLZL 1H (stock/shares/TQBR) from=2020-01-01 to=2026-06-16 start=20000... 500 candles
  Fetching PLZL 1H (stock/shares/TQBR) from=2020-01-01 to=2026-06-16 start=20500... 500 candles
  Fetching PLZL 1H (stock/shares/TQBR) from=2020-01-01 to=2026-06-16 start=21000... 500 candles
  Fetching PLZL 1H (stock/shares/TQBR) from=2020-01-01 to=2026-06-16 start=21500... 500 candles
  Fetching PLZL 1H (stock/shares/TQBR) from=2020-01-01 to=2026-06-16 start=22000... 500 candles
  Fetching PLZL 1H (stock/shares/TQBR) from=2020-01-01 to=2026-06-16 start=22500... 500 candles
  Fetching PLZL 1H (stock/shares/TQBR) from=2020-01-01 to=2026-06-16 start=23000... 500 candles
  Fetching PLZL 1H (stock/shares/TQBR) from=2020-01-01 to=2026-06-16 start=23500... 500 candles
  Fetching PLZL 1H (stock/shares/TQBR) from=2020-01-01 to=2026-06-16 start=24000... 500 candles
  Fetching PLZL 1H (stock/shares/TQBR) from=2020-01-01 to=2026-06-16 start=24500... 500 candles
  Fetching PLZL 1H (stock/shares/TQBR) from=2020-01-01 to=2026-06-16 start=25000... 171 candles
Downloaded 25171 candles: 2020-01-03 09:00:00+00:00 .. 2026-06-16 20:00:00+00:00
Saved: C:\Users\dshalimov\Projects\moex-candle-predictor\data\raw\PLZL_1H_20200103T0900_20260616T2000.parquet
